// Jest Snapshot v1, https://goo.gl/fbAQLP

exports[`App Test Suite App snapshot renders 1`] = `
<div
  id="app"
>
  <Header />
  <Switch>
    <Route
      component={
        Object {
          "$$typeof": Symbol(react.memo),
          "WrappedComponent": [Function],
          "compare": null,
          "displayName": "Connect(Home)",
          "type": [Function],
        }
      }
      exact={true}
      path="/"
    />
    <Route
      component={[Function]}
      exact={true}
      path="/article/:id"
    />
  </Switch>
</div>
`;
